
--- starting video process ---

--- starting video process ---
Video capture starting.
  Device:      /dev/video0
  Resolution:  1280x720
  FPS:         15
  Bitrate:     1.5M
  Segment:     300s
  Target dir:  /Users/yuiro_14/Projects/Code/CTDCam/video_captures
Press Ctrl+C to stop.

Unrecognized option 'input_format'.
Error splitting the argument list: Option not found
Warning: ffmpeg exited with status 8 at 20260722_222501; retrying in 5s
Unrecognized option 'input_format'.
Error splitting the argument list: Option not found
Warning: ffmpeg exited with status 8 at 20260722_222506; retrying in 5s
Unrecognized option 'input_format'.
Error splitting the argument list: Option not found
Warning: ffmpeg exited with status 8 at 20260722_222511; retrying in 5s
Unrecognized option 'input_format'.
Error splitting the argument list: Option not found
Warning: ffmpeg exited with status 8 at 20260722_222516; retrying in 5s
Unrecognized option 'input_format'.
Error splitting the argument list: Option not found
Warning: ffmpeg exited with status 8 at 20260722_222521; retrying in 5s
Unrecognized option 'input_format'.
Error splitting the argument list: Option not found
Warning: ffmpeg exited with status 8 at 20260722_222526; retrying in 5s
Unrecognized option 'input_format'.
Error splitting the argument list: Option not found
Warning: ffmpeg exited with status 8 at 20260722_222531; retrying in 5s
Unrecognized option 'input_format'.
Error splitting the argument list: Option not found
Warning: ffmpeg exited with status 8 at 20260722_222536; retrying in 5s
Unrecognized option 'input_format'.
Error splitting the argument list: Option not found
Warning: ffmpeg exited with status 8 at 20260722_222541; retrying in 5s
Unrecognized option 'input_format'.
Error splitting the argument list: Option not found
Warning: ffmpeg exited with status 8 at 20260722_222547; retrying in 5s
Unrecognized option 'input_format'.
Error splitting the argument list: Option not found
Warning: ffmpeg exited with status 8 at 20260722_222552; retrying in 5s
Unrecognized option 'input_format'.
Error splitting the argument list: Option not found
Warning: ffmpeg exited with status 8 at 20260722_222557; retrying in 5s
Terminated: 15             sleep "$RETRY_DELAY"

Stopping video capture.

--- starting video process ---
Video capture starting.
  Device:      /dev/video0
  Resolution:  1280x720
  FPS:         15
  Bitrate:     1.5M
  Segment:     300s
  Target dir:  /Users/yuiro_14/Projects/Code/CTDCam/video_captures
Press Ctrl+C to stop.

Unrecognized option 'input_format'.
Error splitting the argument list: Option not found
Warning: ffmpeg exited with status 8 at 20260722_222604; retrying in 5s
Unrecognized option 'input_format'.
Error splitting the argument list: Option not found
Warning: ffmpeg exited with status 8 at 20260722_222609; retrying in 5s
Unrecognized option 'input_format'.
Error splitting the argument list: Option not found
Warning: ffmpeg exited with status 8 at 20260722_222614; retrying in 5s
Unrecognized option 'input_format'.
Error splitting the argument list: Option not found
Warning: ffmpeg exited with status 8 at 20260722_222619; retrying in 5s
Unrecognized option 'input_format'.
Error splitting the argument list: Option not found
Warning: ffmpeg exited with status 8 at 20260722_222625; retrying in 5s
Unrecognized option 'input_format'.
Error splitting the argument list: Option not found
Warning: ffmpeg exited with status 8 at 20260722_222630; retrying in 5s
Unrecognized option 'input_format'.
Error splitting the argument list: Option not found
Warning: ffmpeg exited with status 8 at 20260722_222635; retrying in 5s
Unrecognized option 'input_format'.
Error splitting the argument list: Option not found
Warning: ffmpeg exited with status 8 at 20260722_222640; retrying in 5s
Unrecognized option 'input_format'.
Error splitting the argument list: Option not found
Warning: ffmpeg exited with status 8 at 20260722_222645; retrying in 5s
Unrecognized option 'input_format'.
Error splitting the argument list: Option not found
Warning: ffmpeg exited with status 8 at 20260722_222650; retrying in 5s
Unrecognized option 'input_format'.
Error splitting the argument list: Option not found
Warning: ffmpeg exited with status 8 at 20260722_222655; retrying in 5s
Unrecognized option 'input_format'.
Error splitting the argument list: Option not found
Warning: ffmpeg exited with status 8 at 20260722_222700; retrying in 5s
Unrecognized option 'input_format'.
Error splitting the argument list: Option not found
Warning: ffmpeg exited with status 8 at 20260722_222705; retrying in 5s
Unrecognized option 'input_format'.
Error splitting the argument list: Option not found
Warning: ffmpeg exited with status 8 at 20260722_222710; retrying in 5s
Terminated: 15             sleep "$RETRY_DELAY"

Stopping video capture.
